2026-10-03 11:37:53,508 INFO o.a.j.u.JMeterUtils: Setting Locale to en_EN
2026-10-03 11:37:53,528 INFO o.a.j.JMeter: Loading user properties from: C:\Users\Diego Velez\Downloads\jmeter\apache-jmeter-5.6.3\bin\user.properties
2026-10-03 11:37:53,532 INFO o.a.j.JMeter: Loading system properties from: C:\Users\Diego Velez\Downloads\jmeter\apache-jmeter-5.6.3\bin\system.properties
2026-10-03 11:37:53,532 INFO o.a.j.JMeter: Setting JMeter property: duracion=60
2026-10-03 11:37:53,543 INFO o.a.j.JMeter: Copyright (c) 1998-2024 The Apache Software Foundation
2026-10-03 11:37:53,544 INFO o.a.j.JMeter: Version 5.6.3
2026-10-03 11:37:53,544 INFO o.a.j.JMeter: java.version=1.8.0_462
2026-10-03 11:37:53,544 INFO o.a.j.JMeter: java.vm.name=OpenJDK 64-Bit Server VM
2026-10-03 11:37:53,544 INFO o.a.j.JMeter: os.name=Windows 11
2026-10-03 11:37:53,544 INFO o.a.j.JMeter: os.arch=amd64
2026-10-03 11:37:53,544 INFO o.a.j.JMeter: os.version=10.0
2026-10-03 11:37:53,544 INFO o.a.j.JMeter: file.encoding=Cp1252
2026-10-03 11:37:53,544 INFO o.a.j.JMeter: java.awt.headless=true
2026-10-03 11:37:53,544 INFO o.a.j.JMeter: Max memory     =1073741824
2026-10-03 11:37:53,544 INFO o.a.j.JMeter: Available Processors =8
2026-10-03 11:37:53,554 INFO o.a.j.JMeter: Default Locale=English (EN)
2026-10-03 11:37:53,554 INFO o.a.j.JMeter: JMeter  Locale=English (EN)
2026-10-03 11:37:53,554 INFO o.a.j.JMeter: JMeterHome=C:\Users\Diego Velez\Downloads\jmeter\apache-jmeter-5.6.3
2026-10-03 11:37:53,554 INFO o.a.j.JMeter: user.dir  =C:\Users\Diego Velez\Downloads\reto-tecnico-sofka\reto-tecnico-sofka\performance\ejercicio1-jmeter-login
2026-10-03 11:37:53,555 INFO o.a.j.JMeter: PWD       =C:\Users\Diego Velez\Downloads\reto-tecnico-sofka\reto-tecnico-sofka\performance\ejercicio1-jmeter-login
2026-10-03 11:37:54,823 INFO o.a.j.JMeter: IP: 192.168.1.2 Name: QV-4576 FullName: QV-4576
2026-10-03 11:37:54,853 INFO o.a.j.JMeter: Setting property 'jmeter.reportgenerator.outputdir' to:'C:\Users\Diego Velez\Downloads\reto-tecnico-sofka\reto-tecnico-sofka\performance\ejercicio1-jmeter-login\reports\dashboard-fakestore'
2026-10-03 11:37:54,858 INFO o.a.j.s.FileServer: Default base='C:\Users\Diego Velez\Downloads\reto-tecnico-sofka\reto-tecnico-sofka\performance\ejercicio1-jmeter-login'
2026-10-03 11:37:54,861 INFO o.a.j.s.FileServer: Set new base='C:\Users\Diego Velez\Downloads\reto-tecnico-sofka\reto-tecnico-sofka\performance\ejercicio1-jmeter-login'
2026-10-03 11:37:55,083 INFO o.a.j.s.SaveService: Testplan (JMX) version: 2.2. Testlog (JTL) version: 2.2
2026-10-03 11:37:55,114 INFO o.a.j.s.SaveService: Using SaveService properties file encoding UTF-8
2026-10-03 11:37:55,120 INFO o.a.j.s.SaveService: Using SaveService properties version 5.0
2026-10-03 11:37:55,127 INFO o.a.j.s.SaveService: Loading file: login-load-test.jmx
2026-10-03 11:37:55,206 INFO o.a.j.p.h.s.HTTPSamplerBase: Parser for text/html is org.apache.jmeter.protocol.http.parser.LagartoBasedHtmlParser
2026-10-03 11:37:55,206 INFO o.a.j.p.h.s.HTTPSamplerBase: Parser for application/xhtml+xml is org.apache.jmeter.protocol.http.parser.LagartoBasedHtmlParser
2026-10-03 11:37:55,206 INFO o.a.j.p.h.s.HTTPSamplerBase: Parser for application/xml is org.apache.jmeter.protocol.http.parser.LagartoBasedHtmlParser
2026-10-03 11:37:55,206 INFO o.a.j.p.h.s.HTTPSamplerBase: Parser for text/xml is org.apache.jmeter.protocol.http.parser.LagartoBasedHtmlParser
2026-10-03 11:37:55,206 INFO o.a.j.p.h.s.HTTPSamplerBase: Parser for text/vnd.wap.wml is org.apache.jmeter.protocol.http.parser.RegexpHTMLParser
2026-10-03 11:37:55,206 INFO o.a.j.p.h.s.HTTPSamplerBase: Parser for text/css is org.apache.jmeter.protocol.http.parser.CssParser
2026-10-03 11:37:55,543 INFO o.a.j.JMeter: Creating summariser <summary>
2026-10-03 11:37:55,549 INFO o.a.j.r.d.ReportGenerator: ReportGenerator will use for Parsing the separator: ','
2026-10-03 11:37:55,549 INFO o.a.j.r.d.ReportGenerator: Will generate report at end of test from  results file: results\resultados-fakestore.jtl
2026-10-03 11:37:55,549 INFO o.a.j.r.d.ReportGenerator: Reading report generator properties from: C:\Users\Diego Velez\Downloads\jmeter\apache-jmeter-5.6.3\bin\reportgenerator.properties
2026-10-03 11:37:55,551 INFO o.a.j.r.d.ReportGenerator: Merging with JMeter properties
2026-10-03 11:37:55,557 INFO o.a.j.r.c.ReportGeneratorConfiguration: Property 'jmeter.reportgenerator.temp_dir' not found, using default value 'temp' instead.
2026-10-03 11:37:55,559 INFO o.a.j.r.c.ReportGeneratorConfiguration: Property 'jmeter.reportgenerator.apdex_per_transaction' not found, using default value 'null' instead.
2026-10-03 11:37:55,559 INFO o.a.j.r.c.ReportGeneratorConfiguration: apdex_per_transaction is empty, not APDEX per transaction customization
2026-10-03 11:37:55,561 INFO o.a.j.r.c.ReportGeneratorConfiguration: Property 'jmeter.reportgenerator.sample_filter' not found, using default value 'null' instead.
2026-10-03 11:37:55,561 INFO o.a.j.r.c.ReportGeneratorConfiguration: Property 'jmeter.reportgenerator.report_title' not found, using default value 'null' instead.
2026-10-03 11:37:55,561 INFO o.a.j.r.c.ReportGeneratorConfiguration: Property 'jmeter.reportgenerator.start_date' not found, using default value 'null' instead.
2026-10-03 11:37:55,561 INFO o.a.j.r.c.ReportGeneratorConfiguration: Property 'jmeter.reportgenerator.end_date' not found, using default value 'null' instead.
2026-10-03 11:37:55,561 INFO o.a.j.r.c.ReportGeneratorConfiguration: Property 'jmeter.reportgenerator.date_format' not found, using default value 'null' instead.
2026-10-03 11:37:55,561 INFO o.a.j.r.c.ReportGeneratorConfiguration: Will use date range start date: null, end date: null
2026-10-03 11:37:55,566 INFO o.a.j.r.c.ReportGeneratorConfiguration: Property 'jmeter.reportgenerator.graph.totalTPS.exclude_controllers' not found, using default value 'false' instead.
2026-10-03 11:37:55,566 INFO o.a.j.r.c.ReportGeneratorConfiguration: Property 'jmeter.reportgenerator.graph.activeThreadsOverTime.exclude_controllers' not found, using default value 'false' instead.
2026-10-03 11:37:55,566 INFO o.a.j.r.c.ReportGeneratorConfiguration: Property 'jmeter.reportgenerator.graph.timeVsThreads.exclude_controllers' not found, using default value 'false' instead.
2026-10-03 11:37:55,566 INFO o.a.j.r.c.ReportGeneratorConfiguration: Property 'jmeter.reportgenerator.graph.responseTimeDistribution.exclude_controllers' not found, using default value 'false' instead.
2026-10-03 11:37:55,566 INFO o.a.j.r.c.ReportGeneratorConfiguration: Property 'jmeter.reportgenerator.graph.transactionsPerSecond.exclude_controllers' not found, using default value 'false' instead.
2026-10-03 11:37:55,566 INFO o.a.j.r.c.ReportGeneratorConfiguration: Property 'jmeter.reportgenerator.graph.responseTimePercentiles.exclude_controllers' not found, using default value 'false' instead.
2026-10-03 11:37:55,566 INFO o.a.j.r.c.ReportGeneratorConfiguration: Property 'jmeter.reportgenerator.graph.responseTimePercentilesOverTime.exclude_controllers' not found, using default value 'false' instead.
2026-10-03 11:37:55,566 INFO o.a.j.r.c.ReportGeneratorConfiguration: Property 'jmeter.reportgenerator.graph.responseTimesOverTime.exclude_controllers' not found, using default value 'false' instead.
2026-10-03 11:37:55,567 INFO o.a.j.r.c.ReportGeneratorConfiguration: Property 'jmeter.reportgenerator.graph.connectTimeOverTime.exclude_controllers' not found, using default value 'false' instead.
2026-10-03 11:37:55,567 INFO o.a.j.r.c.ReportGeneratorConfiguration: Property 'jmeter.reportgenerator.graph.latenciesOverTime.exclude_controllers' not found, using default value 'false' instead.
2026-10-03 11:37:55,568 INFO o.a.j.r.c.ReportGeneratorConfiguration: Property 'jmeter.reportgenerator.exporter.json.filters_only_sample_series' not found, using default value 'true' instead.
2026-10-03 11:37:55,568 INFO o.a.j.r.c.ReportGeneratorConfiguration: Property 'jmeter.reportgenerator.exporter.json.series_filter' not found, using default value '' instead.
2026-10-03 11:37:55,568 INFO o.a.j.r.c.ReportGeneratorConfiguration: Property 'jmeter.reportgenerator.exporter.json.show_controllers_only' not found, using default value 'false' instead.
2026-10-03 11:37:55,569 INFO o.a.j.r.c.ReportGeneratorConfiguration: Property 'jmeter.reportgenerator.exporter.html.filters_only_sample_series' not found, using default value 'true' instead.
2026-10-03 11:37:55,569 INFO o.a.j.r.c.ReportGeneratorConfiguration: Property 'jmeter.reportgenerator.exporter.html.series_filter' not found, using default value '' instead.
2026-10-03 11:37:55,569 INFO o.a.j.r.c.ReportGeneratorConfiguration: Property 'jmeter.reportgenerator.exporter.html.show_controllers_only' not found, using default value 'false' instead.
2026-10-03 11:37:55,581 INFO o.a.j.e.StandardJMeterEngine: Running the test!
2026-10-03 11:37:55,582 INFO o.a.j.s.SampleEvent: List of sample_variables: []
2026-10-03 11:37:55,582 INFO o.a.j.s.SampleEvent: List of sample_variables: []
2026-10-03 11:37:55,587 INFO o.a.j.e.u.CompoundVariable: Note: Function class names must contain the string: '.functions.'
2026-10-03 11:37:55,587 INFO o.a.j.e.u.CompoundVariable: Note: Function class names must not contain the string: '.gui.'
2026-10-03 11:37:55,876 INFO o.a.j.JMeter: Running test (1791045475876)
2026-10-03 11:37:55,913 INFO o.a.j.e.StandardJMeterEngine: Starting ThreadGroup: 1 : Usuarios - Login
2026-10-03 11:37:55,914 INFO o.a.j.e.StandardJMeterEngine: Starting 40 threads for group Usuarios - Login.
2026-10-03 11:37:55,914 INFO o.a.j.e.StandardJMeterEngine: Thread will continue on error
2026-10-03 11:37:55,914 INFO o.a.j.t.ThreadGroup: Starting thread group... number=1 threads=40 ramp-up=30 delayedStart=false
2026-10-03 11:37:55,971 INFO o.a.j.t.ThreadGroup: Started thread group number 1
2026-10-03 11:37:55,972 INFO o.a.j.e.StandardJMeterEngine: All thread groups have been started
2026-10-03 11:37:56,068 INFO o.a.j.t.JMeterThread: Thread started: Usuarios - Login 1-1
2026-10-03 11:37:56,071 INFO o.a.j.s.FileServer: Stored: data/usuarios.csv
2026-10-03 11:37:56,133 INFO o.a.j.p.h.s.HTTPHCAbstractImpl: Local host = QV-4576
2026-10-03 11:37:56,142 INFO o.a.j.p.h.s.HTTPHC4Impl: HTTP request retry count = 0
2026-10-03 11:37:56,144 INFO o.a.j.s.SampleResult: Note: Sample TimeStamps are START times
2026-10-03 11:37:56,144 INFO o.a.j.s.SampleResult: sampleresult.default.encoding is set to UTF-8
2026-10-03 11:37:56,144 INFO o.a.j.s.SampleResult: sampleresult.useNanoTime=true
2026-10-03 11:37:56,144 INFO o.a.j.s.SampleResult: sampleresult.nanoThreadSleep=5000
2026-10-03 11:37:56,265 INFO o.a.j.p.h.s.h.LazyLayeredConnectionSocketFactory: Setting up HTTPS TrustAll Socket Factory
2026-10-03 11:37:56,273 INFO o.a.j.u.JsseSSLManager: Using default SSL protocol: TLS
2026-10-03 11:37:56,273 INFO o.a.j.u.JsseSSLManager: SSL session context: per-thread
2026-10-03 11:37:56,445 INFO o.a.j.u.SSLManager: JmeterKeyStore Location:  type JKS
2026-10-03 11:37:56,453 INFO o.a.j.u.SSLManager: KeyStore created OK
2026-10-03 11:37:56,453 WARN o.a.j.u.SSLManager: Keystore file not found, loading empty keystore
2026-10-03 11:37:56,814 INFO o.a.j.t.JMeterThread: Thread started: Usuarios - Login 1-2
2026-10-03 11:37:57,563 INFO o.a.j.t.JMeterThread: Thread started: Usuarios - Login 1-3
2026-10-03 11:37:58,309 INFO o.a.j.t.JMeterThread: Thread started: Usuarios - Login 1-4
2026-10-03 11:37:59,061 INFO o.a.j.t.JMeterThread: Thread started: Usuarios - Login 1-5
2026-10-03 11:37:59,797 INFO o.a.j.t.JMeterThread: Thread started: Usuarios - Login 1-6
2026-10-03 11:38:00,535 INFO o.a.j.t.JMeterThread: Thread started: Usuarios - Login 1-7
2026-10-03 11:38:01,279 INFO o.a.j.t.JMeterThread: Thread started: Usuarios - Login 1-8
2026-10-03 11:38:02,031 INFO o.a.j.t.JMeterThread: Thread started: Usuarios - Login 1-9
2026-10-03 11:38:02,779 INFO o.a.j.t.JMeterThread: Thread started: Usuarios - Login 1-10
2026-10-03 11:38:03,530 INFO o.a.j.t.JMeterThread: Thread started: Usuarios - Login 1-11
2026-10-03 11:38:04,278 INFO o.a.j.t.JMeterThread: Thread started: Usuarios - Login 1-12
2026-10-03 11:38:05,028 INFO o.a.j.t.JMeterThread: Thread started: Usuarios - Login 1-13
2026-10-03 11:38:05,776 INFO o.a.j.t.JMeterThread: Thread started: Usuarios - Login 1-14
2026-10-03 11:38:06,525 INFO o.a.j.t.JMeterThread: Thread started: Usuarios - Login 1-15
2026-10-03 11:38:07,270 INFO o.a.j.t.JMeterThread: Thread started: Usuarios - Login 1-16
2026-10-03 11:38:08,022 INFO o.a.j.t.JMeterThread: Thread started: Usuarios - Login 1-17
2026-10-03 11:38:08,769 INFO o.a.j.t.JMeterThread: Thread started: Usuarios - Login 1-18
2026-10-03 11:38:09,532 INFO o.a.j.t.JMeterThread: Thread started: Usuarios - Login 1-19
2026-10-03 11:38:10,279 INFO o.a.j.t.JMeterThread: Thread started: Usuarios - Login 1-20
2026-10-03 11:38:11,021 INFO o.a.j.t.JMeterThread: Thread started: Usuarios - Login 1-21
2026-10-03 11:38:11,770 INFO o.a.j.t.JMeterThread: Thread started: Usuarios - Login 1-22
2026-10-03 11:38:12,517 INFO o.a.j.t.JMeterThread: Thread started: Usuarios - Login 1-23
2026-10-03 11:38:13,267 INFO o.a.j.t.JMeterThread: Thread started: Usuarios - Login 1-24
2026-10-03 11:38:14,018 INFO o.a.j.t.JMeterThread: Thread started: Usuarios - Login 1-25
2026-10-03 11:38:14,766 INFO o.a.j.t.JMeterThread: Thread started: Usuarios - Login 1-26
2026-10-03 11:38:15,529 INFO o.a.j.t.JMeterThread: Thread started: Usuarios - Login 1-27
2026-10-03 11:38:16,264 INFO o.a.j.t.JMeterThread: Thread started: Usuarios - Login 1-28
2026-10-03 11:38:17,016 INFO o.a.j.t.JMeterThread: Thread started: Usuarios - Login 1-29
2026-10-03 11:38:17,764 INFO o.a.j.t.JMeterThread: Thread started: Usuarios - Login 1-30
2026-10-03 11:38:18,529 INFO o.a.j.t.JMeterThread: Thread started: Usuarios - Login 1-31
2026-10-03 11:38:19,265 INFO o.a.j.t.JMeterThread: Thread started: Usuarios - Login 1-32
2026-10-03 11:38:20,011 INFO o.a.j.t.JMeterThread: Thread started: Usuarios - Login 1-33
2026-10-03 11:38:20,762 INFO o.a.j.t.JMeterThread: Thread started: Usuarios - Login 1-34
2026-10-03 11:38:21,515 INFO o.a.j.t.JMeterThread: Thread started: Usuarios - Login 1-35
2026-10-03 11:38:22,261 INFO o.a.j.t.JMeterThread: Thread started: Usuarios - Login 1-36
2026-10-03 11:38:23,010 INFO o.a.j.t.JMeterThread: Thread started: Usuarios - Login 1-37
2026-10-03 11:38:23,762 INFO o.a.j.t.JMeterThread: Thread started: Usuarios - Login 1-38
2026-10-03 11:38:24,512 INFO o.a.j.t.JMeterThread: Thread started: Usuarios - Login 1-39
2026-10-03 11:38:25,260 INFO o.a.j.t.JMeterThread: Thread started: Usuarios - Login 1-40
2026-10-03 11:38:30,722 INFO o.a.j.r.Summariser: summary +     20 in 00:00:35 =    0.6/s Avg: 19851 Min: 19472 Max: 20860 Err:    20 (100.00%) Active: 40 Started: 40 Finished: 0
2026-10-03 11:38:55,989 INFO o.a.j.t.JMeterThread: Stopping because end time detected by thread: Usuarios - Login 1-2
2026-10-03 11:38:55,989 INFO o.a.j.t.JMeterThread: Thread finished: Usuarios - Login 1-2
2026-10-03 11:38:56,509 INFO o.a.j.t.JMeterThread: Stopping because end time detected by thread: Usuarios - Login 1-29
2026-10-03 11:38:56,509 INFO o.a.j.t.JMeterThread: Thread finished: Usuarios - Login 1-29
2026-10-03 11:38:56,509 INFO o.a.j.t.JMeterThread: Stopping because end time detected by thread: Usuarios - Login 1-1
2026-10-03 11:38:56,509 INFO o.a.j.t.JMeterThread: Thread finished: Usuarios - Login 1-1
2026-10-03 11:38:56,702 INFO o.a.j.t.JMeterThread: Stopping because end time detected by thread: Usuarios - Login 1-4
2026-10-03 11:38:56,702 INFO o.a.j.t.JMeterThread: Thread finished: Usuarios - Login 1-4
2026-10-03 11:38:56,829 INFO o.a.j.t.JMeterThread: Stopping because end time detected by thread: Usuarios - Login 1-3
2026-10-03 11:38:56,829 INFO o.a.j.t.JMeterThread: Thread finished: Usuarios - Login 1-3
2026-10-03 11:38:57,210 INFO o.a.j.t.JMeterThread: Stopping because end time detected by thread: Usuarios - Login 1-30
2026-10-03 11:38:57,210 INFO o.a.j.t.JMeterThread: Thread finished: Usuarios - Login 1-30
2026-10-03 11:38:57,728 INFO o.a.j.t.JMeterThread: Stopping because end time detected by thread: Usuarios - Login 1-31
2026-10-03 11:38:57,728 INFO o.a.j.t.JMeterThread: Thread finished: Usuarios - Login 1-31
2026-10-03 11:38:57,881 INFO o.a.j.t.JMeterThread: Stopping because end time detected by thread: Usuarios - Login 1-5
2026-10-03 11:38:57,881 INFO o.a.j.t.JMeterThread: Thread finished: Usuarios - Login 1-5
2026-10-03 11:38:58,311 INFO o.a.j.t.JMeterThread: Stopping because end time detected by thread: Usuarios - Login 1-32
2026-10-03 11:38:58,325 INFO o.a.j.t.JMeterThread: Thread finished: Usuarios - Login 1-32
2026-10-03 11:38:58,390 INFO o.a.j.t.JMeterThread: Stopping because end time detected by thread: Usuarios - Login 1-6
2026-10-03 11:38:58,390 INFO o.a.j.t.JMeterThread: Thread finished: Usuarios - Login 1-6
2026-10-03 11:38:59,065 INFO o.a.j.t.JMeterThread: Stopping because end time detected by thread: Usuarios - Login 1-33
2026-10-03 11:38:59,065 INFO o.a.j.t.JMeterThread: Thread finished: Usuarios - Login 1-33
2026-10-03 11:38:59,419 INFO o.a.j.t.JMeterThread: Stopping because end time detected by thread: Usuarios - Login 1-7
2026-10-03 11:38:59,419 INFO o.a.j.t.JMeterThread: Thread finished: Usuarios - Login 1-7
2026-10-03 11:38:59,858 INFO o.a.j.t.JMeterThread: Stopping because end time detected by thread: Usuarios - Login 1-34
2026-10-03 11:38:59,858 INFO o.a.j.t.JMeterThread: Thread finished: Usuarios - Login 1-34
2026-10-03 11:38:59,897 INFO o.a.j.t.JMeterThread: Stopping because end time detected by thread: Usuarios - Login 1-8
2026-10-03 11:38:59,897 INFO o.a.j.t.JMeterThread: Thread finished: Usuarios - Login 1-8
2026-10-03 11:39:00,442 INFO o.a.j.r.Summariser: summary +     58 in 00:00:30 =    2.0/s Avg: 20624 Min: 19334 Max: 39325 Err:    58 (100.00%) Active: 26 Started: 40 Finished: 14
2026-10-03 11:39:00,442 INFO o.a.j.r.Summariser: summary =     78 in 00:01:05 =    1.2/s Avg: 20426 Min: 19334 Max: 39325 Err:    78 (100.00%)
2026-10-03 11:39:00,442 INFO o.a.j.t.JMeterThread: Stopping because end time detected by thread: Usuarios - Login 1-35
2026-10-03 11:39:00,442 INFO o.a.j.t.JMeterThread: Thread finished: Usuarios - Login 1-35
2026-10-03 11:39:00,930 INFO o.a.j.t.JMeterThread: Stopping because end time detected by thread: Usuarios - Login 1-9
2026-10-03 11:39:00,930 INFO o.a.j.t.JMeterThread: Thread finished: Usuarios - Login 1-9
2026-10-03 11:39:01,436 INFO o.a.j.t.JMeterThread: Stopping because end time detected by thread: Usuarios - Login 1-36
2026-10-03 11:39:01,436 INFO o.a.j.t.JMeterThread: Thread finished: Usuarios - Login 1-36
2026-10-03 11:39:01,627 INFO o.a.j.t.JMeterThread: Stopping because end time detected by thread: Usuarios - Login 1-10
2026-10-03 11:39:01,631 INFO o.a.j.t.JMeterThread: Thread finished: Usuarios - Login 1-10
2026-10-03 11:39:01,952 INFO o.a.j.t.JMeterThread: Stopping because end time detected by thread: Usuarios - Login 1-11
2026-10-03 11:39:01,952 INFO o.a.j.t.JMeterThread: Thread finished: Usuarios - Login 1-11
2026-10-03 11:39:02,459 INFO o.a.j.t.JMeterThread: Stopping because end time detected by thread: Usuarios - Login 1-37
2026-10-03 11:39:02,459 INFO o.a.j.t.JMeterThread: Thread finished: Usuarios - Login 1-37
2026-10-03 11:39:03,004 INFO o.a.j.t.JMeterThread: Stopping because end time detected by thread: Usuarios - Login 1-38
2026-10-03 11:39:03,004 INFO o.a.j.t.JMeterThread: Thread finished: Usuarios - Login 1-38
2026-10-03 11:39:03,485 INFO o.a.j.t.JMeterThread: Stopping because end time detected by thread: Usuarios - Login 1-12
2026-10-03 11:39:03,485 INFO o.a.j.t.JMeterThread: Thread finished: Usuarios - Login 1-12
2026-10-03 11:39:03,875 INFO o.a.j.t.JMeterThread: Stopping because end time detected by thread: Usuarios - Login 1-39
2026-10-03 11:39:03,877 INFO o.a.j.t.JMeterThread: Thread finished: Usuarios - Login 1-39
2026-10-03 11:39:04,027 INFO o.a.j.t.JMeterThread: Stopping because end time detected by thread: Usuarios - Login 1-13
2026-10-03 11:39:04,027 INFO o.a.j.t.JMeterThread: Thread finished: Usuarios - Login 1-13
2026-10-03 11:39:04,116 INFO o.a.j.t.JMeterThread: Stopping because end time detected by thread: Usuarios - Login 1-14
2026-10-03 11:39:04,116 INFO o.a.j.t.JMeterThread: Thread finished: Usuarios - Login 1-14
2026-10-03 11:39:04,634 INFO o.a.j.t.JMeterThread: Stopping because end time detected by thread: Usuarios - Login 1-40
2026-10-03 11:39:04,634 INFO o.a.j.t.JMeterThread: Thread finished: Usuarios - Login 1-40
2026-10-03 11:39:05,030 INFO o.a.j.t.JMeterThread: Stopping because end time detected by thread: Usuarios - Login 1-15
2026-10-03 11:39:05,030 INFO o.a.j.t.JMeterThread: Thread finished: Usuarios - Login 1-15
2026-10-03 11:39:06,074 INFO o.a.j.t.JMeterThread: Stopping because end time detected by thread: Usuarios - Login 1-16
2026-10-03 11:39:06,074 INFO o.a.j.t.JMeterThread: Thread finished: Usuarios - Login 1-16
2026-10-03 11:39:06,948 INFO o.a.j.t.JMeterThread: Stopping because end time detected by thread: Usuarios - Login 1-17
2026-10-03 11:39:06,948 INFO o.a.j.t.JMeterThread: Thread finished: Usuarios - Login 1-17
2026-10-03 11:39:07,779 INFO o.a.j.t.JMeterThread: Stopping because end time detected by thread: Usuarios - Login 1-18
2026-10-03 11:39:07,779 INFO o.a.j.t.JMeterThread: Thread finished: Usuarios - Login 1-18
2026-10-03 11:39:08,294 INFO o.a.j.t.JMeterThread: Stopping because end time detected by thread: Usuarios - Login 1-19
2026-10-03 11:39:08,294 INFO o.a.j.t.JMeterThread: Thread finished: Usuarios - Login 1-19
2026-10-03 11:39:08,804 INFO o.a.j.t.JMeterThread: Stopping because end time detected by thread: Usuarios - Login 1-20
2026-10-03 11:39:08,804 INFO o.a.j.t.JMeterThread: Thread finished: Usuarios - Login 1-20
2026-10-03 11:39:10,015 INFO o.a.j.t.JMeterThread: Stopping because end time detected by thread: Usuarios - Login 1-21
2026-10-03 11:39:10,017 INFO o.a.j.t.JMeterThread: Thread finished: Usuarios - Login 1-21
2026-10-03 11:39:11,038 INFO o.a.j.t.JMeterThread: Stopping because end time detected by thread: Usuarios - Login 1-22
2026-10-03 11:39:11,038 INFO o.a.j.t.JMeterThread: Thread finished: Usuarios - Login 1-22
2026-10-03 11:39:11,173 INFO o.a.j.t.JMeterThread: Stopping because end time detected by thread: Usuarios - Login 1-23
2026-10-03 11:39:11,173 INFO o.a.j.t.JMeterThread: Thread finished: Usuarios - Login 1-23
2026-10-03 11:39:11,870 INFO o.a.j.t.JMeterThread: Stopping because end time detected by thread: Usuarios - Login 1-24
2026-10-03 11:39:11,870 INFO o.a.j.t.JMeterThread: Thread finished: Usuarios - Login 1-24
2026-10-03 11:39:13,214 INFO o.a.j.t.JMeterThread: Stopping because end time detected by thread: Usuarios - Login 1-25
2026-10-03 11:39:13,214 INFO o.a.j.t.JMeterThread: Thread finished: Usuarios - Login 1-25
2026-10-03 11:39:13,756 INFO o.a.j.t.JMeterThread: Stopping because end time detected by thread: Usuarios - Login 1-26
2026-10-03 11:39:13,758 INFO o.a.j.t.JMeterThread: Thread finished: Usuarios - Login 1-26
2026-10-03 11:39:14,236 INFO o.a.j.t.JMeterThread: Stopping because end time detected by thread: Usuarios - Login 1-27
2026-10-03 11:39:14,236 INFO o.a.j.t.JMeterThread: Thread finished: Usuarios - Login 1-27
2026-10-03 11:39:14,945 INFO o.a.j.t.JMeterThread: Stopping because end time detected by thread: Usuarios - Login 1-28
2026-10-03 11:39:14,945 INFO o.a.j.t.JMeterThread: Thread finished: Usuarios - Login 1-28
2026-10-03 11:39:14,947 INFO o.a.j.e.StandardJMeterEngine: Notifying test listeners of end of test
2026-10-03 11:39:14,947 INFO o.a.j.s.FileServer: Close: data/usuarios.csv
2026-10-03 11:39:14,947 INFO o.a.j.r.Summariser: summary +     25 in 00:00:15 =    1.7/s Avg: 21031 Min: 19338 Max: 39292 Err:    25 (100.00%) Active: 0 Started: 40 Finished: 40
2026-10-03 11:39:14,947 INFO o.a.j.r.Summariser: summary =    103 in 00:01:19 =    1.3/s Avg: 20573 Min: 19334 Max: 39325 Err:   103 (100.00%)
2026-10-03 11:39:14,947 INFO o.a.j.JMeter: Generating Dashboard
2026-10-03 11:39:14,950 INFO o.a.j.r.d.ReportGenerator: Flushing result collector before report Generation
2026-10-03 11:39:14,965 INFO o.a.j.r.p.NormalizerSampleConsumer: Using format, 'ms', to parse timeStamp field
2026-10-03 11:39:15,089 INFO o.a.j.r.p.AbstractSampleConsumer: class org.apache.jmeter.report.processor.AggregateConsumer#stopProducing(): beginDate produced 0 samples
2026-10-03 11:39:15,089 INFO o.a.j.r.p.AbstractSampleConsumer: class org.apache.jmeter.report.processor.AggregateConsumer#stopProducing(): endDate produced 0 samples
2026-10-03 11:39:15,091 INFO o.a.j.r.p.AbstractSampleConsumer: class org.apache.jmeter.report.processor.ApdexSummaryConsumer#stopProducing(): apdexSummary produced 0 samples
2026-10-03 11:39:15,091 INFO o.a.j.r.p.AbstractSampleConsumer: class org.apache.jmeter.report.processor.RequestsSummaryConsumer#stopProducing(): requestsSummary produced 0 samples
2026-10-03 11:39:15,093 INFO o.a.j.r.p.AbstractSampleConsumer: class org.apache.jmeter.report.processor.StatisticsSummaryConsumer#stopProducing(): statisticsSummary produced 0 samples
2026-10-03 11:39:15,093 INFO o.a.j.r.p.AbstractSampleConsumer: class org.apache.jmeter.report.processor.Top5ErrorsBySamplerConsumer#stopProducing(): top5ErrorsBySampler produced 0 samples
2026-10-03 11:39:15,093 INFO o.a.j.r.p.AbstractSampleConsumer: class org.apache.jmeter.report.processor.ErrorsSummaryConsumer#stopProducing(): errorsSummary produced 0 samples
2026-10-03 11:39:15,093 INFO o.a.j.r.p.AbstractSampleConsumer: class org.apache.jmeter.report.processor.graph.impl.HitsPerSecondGraphConsumer#stopProducing(): hitsPerSecond produced 0 samples
2026-10-03 11:39:15,124 INFO o.a.j.r.p.AbstractSampleConsumer: class org.apache.jmeter.report.processor.graph.impl.LatencyVSRequestGraphConsumer#stopProducing(): latencyVsRequest produced 0 samples
2026-10-03 11:39:15,124 INFO o.a.j.r.p.AbstractSampleConsumer: class org.apache.jmeter.report.processor.graph.impl.SyntheticResponseTimeDistributionGraphConsumer#stopProducing(): syntheticResponseTimeDistribution produced 0 samples
2026-10-03 11:39:15,124 INFO o.a.j.r.p.AbstractSampleConsumer: class org.apache.jmeter.report.processor.graph.impl.BytesThroughputGraphConsumer#stopProducing(): bytesThroughputOverTime produced 0 samples
2026-10-03 11:39:15,124 INFO o.a.j.r.p.AbstractSampleConsumer: class org.apache.jmeter.report.processor.graph.impl.CodesPerSecondGraphConsumer#stopProducing(): codesPerSecond produced 0 samples
2026-10-03 11:39:15,132 INFO o.a.j.r.p.AbstractSampleConsumer: class org.apache.jmeter.report.processor.graph.impl.ResponseTimeVSRequestGraphConsumer#stopProducing(): responseTimeVsRequest produced 0 samples
2026-10-03 11:39:15,132 INFO o.a.j.r.p.AbstractSampleConsumer: class org.apache.jmeter.report.processor.FilterConsumer#stopProducing(): startIntervalControlerFilter produced 721 samples
2026-10-03 11:39:15,132 INFO o.a.j.r.p.AbstractSampleConsumer: class org.apache.jmeter.report.processor.graph.impl.TotalTPSGraphConsumer#stopProducing(): totalTPS produced 0 samples
2026-10-03 11:39:15,132 INFO o.a.j.r.p.AbstractSampleConsumer: class org.apache.jmeter.report.processor.graph.impl.ActiveThreadsGraphConsumer#stopProducing(): activeThreadsOverTime produced 0 samples
2026-10-03 11:39:15,132 INFO o.a.j.r.p.AbstractSampleConsumer: class org.apache.jmeter.report.processor.graph.impl.TimeVSThreadGraphConsumer#stopProducing(): timeVsThreads produced 0 samples
2026-10-03 11:39:15,132 INFO o.a.j.r.p.AbstractSampleConsumer: class org.apache.jmeter.report.processor.graph.impl.ResponseTimeDistributionGraphConsumer#stopProducing(): responseTimeDistribution produced 0 samples
2026-10-03 11:39:15,132 INFO o.a.j.r.p.AbstractSampleConsumer: class org.apache.jmeter.report.processor.graph.impl.TransactionsPerSecondGraphConsumer#stopProducing(): transactionsPerSecond produced 0 samples
2026-10-03 11:39:15,134 INFO o.a.j.r.p.AbstractSampleConsumer: class org.apache.jmeter.report.processor.graph.impl.ResponseTimePercentilesGraphConsumer#stopProducing(): responseTimePercentiles produced 0 samples
2026-10-03 11:39:15,134 INFO o.a.j.r.p.AbstractSampleConsumer: class org.apache.jmeter.report.processor.graph.impl.ResponseTimePercentilesOverTimeGraphConsumer#stopProducing(): responseTimePercentilesOverTime produced 0 samples
2026-10-03 11:39:15,134 INFO o.a.j.r.p.AbstractSampleConsumer: class org.apache.jmeter.report.processor.graph.impl.ResponseTimeOverTimeGraphConsumer#stopProducing(): responseTimesOverTime produced 0 samples
2026-10-03 11:39:15,134 INFO o.a.j.r.p.AbstractSampleConsumer: class org.apache.jmeter.report.processor.graph.impl.ConnectTimeOverTimeGraphConsumer#stopProducing(): connectTimeOverTime produced 0 samples
2026-10-03 11:39:15,134 INFO o.a.j.r.p.AbstractSampleConsumer: class org.apache.jmeter.report.processor.graph.impl.LatencyOverTimeGraphConsumer#stopProducing(): latenciesOverTime produced 0 samples
2026-10-03 11:39:15,134 INFO o.a.j.r.p.AbstractSampleConsumer: class org.apache.jmeter.report.processor.FilterConsumer#stopProducing(): nameFilter produced 1545 samples
2026-10-03 11:39:15,134 INFO o.a.j.r.p.AbstractSampleConsumer: class org.apache.jmeter.report.processor.FilterConsumer#stopProducing(): dateRangeFilter produced 309 samples
2026-10-03 11:39:15,134 INFO o.a.j.r.p.AbstractSampleConsumer: class org.apache.jmeter.report.processor.NormalizerSampleConsumer#stopProducing(): normalizer produced 103 samples
2026-10-03 11:39:15,135 INFO o.a.j.r.p.CsvFileSampleSource: produce(): 103 samples produced in 140ms on channel 0
2026-10-03 11:39:15,135 INFO o.a.j.r.d.ReportGenerator: Exporting data using exporter:'json' of className:'org.apache.jmeter.report.dashboard.JsonExporter'
2026-10-03 11:39:15,238 INFO o.a.j.r.d.JsonExporter: Found data for consumer statisticsSummary in context
2026-10-03 11:39:15,238 INFO o.a.j.r.d.JsonExporter: Creating statistics for overall
2026-10-03 11:39:15,238 INFO o.a.j.r.d.JsonExporter: Creating statistics for other transactions
2026-10-03 11:39:15,238 INFO o.a.j.r.d.JsonExporter: Checking output folder
2026-10-03 11:39:15,238 INFO o.a.j.r.d.JsonExporter: Writing statistics JSON to C:\Users\Diego Velez\Downloads\reto-tecnico-sofka\reto-tecnico-sofka\performance\ejercicio1-jmeter-login\reports\dashboard-fakestore\statistics.json
2026-10-03 11:39:15,268 INFO o.a.j.r.d.ReportGenerator: Exporting data using exporter:'html' of className:'org.apache.jmeter.report.dashboard.HtmlTemplateExporter'
2026-10-03 11:39:15,268 INFO o.a.j.r.d.HtmlTemplateExporter: Will generate dashboard in folder: C:\Users\Diego Velez\Downloads\reto-tecnico-sofka\reto-tecnico-sofka\performance\ejercicio1-jmeter-login\reports\dashboard-fakestore
2026-10-03 11:39:15,395 INFO o.a.j.r.d.HtmlTemplateExporter: Report will be generated in: C:\Users\Diego Velez\Downloads\reto-tecnico-sofka\reto-tecnico-sofka\performance\ejercicio1-jmeter-login\reports\dashboard-fakestore, creating folder structure
2026-10-03 11:39:15,399 INFO o.a.j.r.d.TemplateVisitor: Copying folder from 'C:\Users\Diego Velez\Downloads\jmeter\apache-jmeter-5.6.3\bin\report-template' to 'C:\Users\Diego Velez\Downloads\reto-tecnico-sofka\reto-tecnico-sofka\performance\ejercicio1-jmeter-login\reports\dashboard-fakestore', got message: C:\Users\Diego Velez\Downloads\reto-tecnico-sofka\reto-tecnico-sofka\performance\ejercicio1-jmeter-login\reports\dashboard-fakestore, found non empty folder with following content [C:\Users\Diego Velez\Downloads\reto-tecnico-sofka\reto-tecnico-sofka\performance\ejercicio1-jmeter-login\reports\dashboard-fakestore\statistics.json], will be ignored
2026-10-03 11:39:16,800 INFO o.a.j.JMeter: Dashboard generated
