2026-10-03 11:15:07,079 INFO o.a.j.u.JMeterUtils: Setting Locale to en_EN
2026-10-03 11:15:07,097 INFO o.a.j.JMeter: Loading user properties from: C:\Users\Diego Velez\Downloads\jmeter\apache-jmeter-5.6.3\bin\user.properties
2026-10-03 11:15:07,097 INFO o.a.j.JMeter: Loading system properties from: C:\Users\Diego Velez\Downloads\jmeter\apache-jmeter-5.6.3\bin\system.properties
2026-10-03 11:15:07,097 INFO o.a.j.JMeter: Setting JMeter property: host=dummyjson.com
2026-10-03 11:15:07,097 INFO o.a.j.JMeter: Setting JMeter property: csv=data/usuarios-dummyjson.csv
2026-10-03 11:15:07,097 INFO o.a.j.JMeter: Setting JMeter property: tokenPath=$.accessToken
2026-10-03 11:15:07,110 INFO o.a.j.JMeter: Copyright (c) 1998-2024 The Apache Software Foundation
2026-10-03 11:15:07,110 INFO o.a.j.JMeter: Version 5.6.3
2026-10-03 11:15:07,110 INFO o.a.j.JMeter: java.version=1.8.0_462
2026-10-03 11:15:07,110 INFO o.a.j.JMeter: java.vm.name=OpenJDK 64-Bit Server VM
2026-10-03 11:15:07,110 INFO o.a.j.JMeter: os.name=Windows 11
2026-10-03 11:15:07,110 INFO o.a.j.JMeter: os.arch=amd64
2026-10-03 11:15:07,110 INFO o.a.j.JMeter: os.version=10.0
2026-10-03 11:15:07,110 INFO o.a.j.JMeter: file.encoding=Cp1252
2026-10-03 11:15:07,110 INFO o.a.j.JMeter: java.awt.headless=true
2026-10-03 11:15:07,110 INFO o.a.j.JMeter: Max memory     =1073741824
2026-10-03 11:15:07,110 INFO o.a.j.JMeter: Available Processors =8
2026-10-03 11:15:07,125 INFO o.a.j.JMeter: Default Locale=English (EN)
2026-10-03 11:15:07,125 INFO o.a.j.JMeter: JMeter  Locale=English (EN)
2026-10-03 11:15:07,125 INFO o.a.j.JMeter: JMeterHome=C:\Users\Diego Velez\Downloads\jmeter\apache-jmeter-5.6.3
2026-10-03 11:15:07,125 INFO o.a.j.JMeter: user.dir  =C:\Users\Diego Velez\Downloads\reto-tecnico-sofka\reto-tecnico-sofka\performance\ejercicio1-jmeter-login
2026-10-03 11:15:07,125 INFO o.a.j.JMeter: PWD       =C:\Users\Diego Velez\Downloads\reto-tecnico-sofka\reto-tecnico-sofka\performance\ejercicio1-jmeter-login
2026-10-03 11:15:08,409 INFO o.a.j.JMeter: IP: 192.168.1.2 Name: QV-4576 FullName: QV-4576
2026-10-03 11:15:08,428 INFO o.a.j.JMeter: Setting property 'jmeter.reportgenerator.outputdir' to:'C:\Users\Diego Velez\Downloads\reto-tecnico-sofka\reto-tecnico-sofka\performance\ejercicio1-jmeter-login\reports\dashboard-dummyjson'
2026-10-03 11:15:08,434 INFO o.a.j.s.FileServer: Default base='C:\Users\Diego Velez\Downloads\reto-tecnico-sofka\reto-tecnico-sofka\performance\ejercicio1-jmeter-login'
2026-10-03 11:15:08,434 INFO o.a.j.s.FileServer: Set new base='C:\Users\Diego Velez\Downloads\reto-tecnico-sofka\reto-tecnico-sofka\performance\ejercicio1-jmeter-login'
2026-10-03 11:15:08,632 INFO o.a.j.s.SaveService: Testplan (JMX) version: 2.2. Testlog (JTL) version: 2.2
2026-10-03 11:15:08,725 INFO o.a.j.s.SaveService: Using SaveService properties file encoding UTF-8
2026-10-03 11:15:08,732 INFO o.a.j.s.SaveService: Using SaveService properties version 5.0
2026-10-03 11:15:08,742 INFO o.a.j.s.SaveService: Loading file: login-load-test.jmx
2026-10-03 11:15:08,853 INFO o.a.j.p.h.s.HTTPSamplerBase: Parser for text/html is org.apache.jmeter.protocol.http.parser.LagartoBasedHtmlParser
2026-10-03 11:15:08,853 INFO o.a.j.p.h.s.HTTPSamplerBase: Parser for application/xhtml+xml is org.apache.jmeter.protocol.http.parser.LagartoBasedHtmlParser
2026-10-03 11:15:08,853 INFO o.a.j.p.h.s.HTTPSamplerBase: Parser for application/xml is org.apache.jmeter.protocol.http.parser.LagartoBasedHtmlParser
2026-10-03 11:15:08,853 INFO o.a.j.p.h.s.HTTPSamplerBase: Parser for text/xml is org.apache.jmeter.protocol.http.parser.LagartoBasedHtmlParser
2026-10-03 11:15:08,853 INFO o.a.j.p.h.s.HTTPSamplerBase: Parser for text/vnd.wap.wml is org.apache.jmeter.protocol.http.parser.RegexpHTMLParser
2026-10-03 11:15:08,853 INFO o.a.j.p.h.s.HTTPSamplerBase: Parser for text/css is org.apache.jmeter.protocol.http.parser.CssParser
2026-10-03 11:15:09,248 INFO o.a.j.JMeter: Creating summariser <summary>
2026-10-03 11:15:09,248 INFO o.a.j.r.d.ReportGenerator: ReportGenerator will use for Parsing the separator: ','
2026-10-03 11:15:09,248 INFO o.a.j.r.d.ReportGenerator: Will generate report at end of test from  results file: results\resultados-dummyjson.jtl
2026-10-03 11:15:09,248 INFO o.a.j.r.d.ReportGenerator: Reading report generator properties from: C:\Users\Diego Velez\Downloads\jmeter\apache-jmeter-5.6.3\bin\reportgenerator.properties
2026-10-03 11:15:09,265 INFO o.a.j.r.d.ReportGenerator: Merging with JMeter properties
2026-10-03 11:15:09,270 INFO o.a.j.r.c.ReportGeneratorConfiguration: Property 'jmeter.reportgenerator.temp_dir' not found, using default value 'temp' instead.
2026-10-03 11:15:09,276 INFO o.a.j.r.c.ReportGeneratorConfiguration: Property 'jmeter.reportgenerator.apdex_per_transaction' not found, using default value 'null' instead.
2026-10-03 11:15:09,276 INFO o.a.j.r.c.ReportGeneratorConfiguration: apdex_per_transaction is empty, not APDEX per transaction customization
2026-10-03 11:15:09,276 INFO o.a.j.r.c.ReportGeneratorConfiguration: Property 'jmeter.reportgenerator.sample_filter' not found, using default value 'null' instead.
2026-10-03 11:15:09,276 INFO o.a.j.r.c.ReportGeneratorConfiguration: Property 'jmeter.reportgenerator.report_title' not found, using default value 'null' instead.
2026-10-03 11:15:09,276 INFO o.a.j.r.c.ReportGeneratorConfiguration: Property 'jmeter.reportgenerator.start_date' not found, using default value 'null' instead.
2026-10-03 11:15:09,276 INFO o.a.j.r.c.ReportGeneratorConfiguration: Property 'jmeter.reportgenerator.end_date' not found, using default value 'null' instead.
2026-10-03 11:15:09,276 INFO o.a.j.r.c.ReportGeneratorConfiguration: Property 'jmeter.reportgenerator.date_format' not found, using default value 'null' instead.
2026-10-03 11:15:09,276 INFO o.a.j.r.c.ReportGeneratorConfiguration: Will use date range start date: null, end date: null
2026-10-03 11:15:09,282 INFO o.a.j.r.c.ReportGeneratorConfiguration: Property 'jmeter.reportgenerator.graph.totalTPS.exclude_controllers' not found, using default value 'false' instead.
2026-10-03 11:15:09,282 INFO o.a.j.r.c.ReportGeneratorConfiguration: Property 'jmeter.reportgenerator.graph.activeThreadsOverTime.exclude_controllers' not found, using default value 'false' instead.
2026-10-03 11:15:09,282 INFO o.a.j.r.c.ReportGeneratorConfiguration: Property 'jmeter.reportgenerator.graph.timeVsThreads.exclude_controllers' not found, using default value 'false' instead.
2026-10-03 11:15:09,282 INFO o.a.j.r.c.ReportGeneratorConfiguration: Property 'jmeter.reportgenerator.graph.responseTimeDistribution.exclude_controllers' not found, using default value 'false' instead.
2026-10-03 11:15:09,282 INFO o.a.j.r.c.ReportGeneratorConfiguration: Property 'jmeter.reportgenerator.graph.transactionsPerSecond.exclude_controllers' not found, using default value 'false' instead.
2026-10-03 11:15:09,282 INFO o.a.j.r.c.ReportGeneratorConfiguration: Property 'jmeter.reportgenerator.graph.responseTimePercentiles.exclude_controllers' not found, using default value 'false' instead.
2026-10-03 11:15:09,282 INFO o.a.j.r.c.ReportGeneratorConfiguration: Property 'jmeter.reportgenerator.graph.responseTimePercentilesOverTime.exclude_controllers' not found, using default value 'false' instead.
2026-10-03 11:15:09,282 INFO o.a.j.r.c.ReportGeneratorConfiguration: Property 'jmeter.reportgenerator.graph.responseTimesOverTime.exclude_controllers' not found, using default value 'false' instead.
2026-10-03 11:15:09,282 INFO o.a.j.r.c.ReportGeneratorConfiguration: Property 'jmeter.reportgenerator.graph.connectTimeOverTime.exclude_controllers' not found, using default value 'false' instead.
2026-10-03 11:15:09,282 INFO o.a.j.r.c.ReportGeneratorConfiguration: Property 'jmeter.reportgenerator.graph.latenciesOverTime.exclude_controllers' not found, using default value 'false' instead.
2026-10-03 11:15:09,284 INFO o.a.j.r.c.ReportGeneratorConfiguration: Property 'jmeter.reportgenerator.exporter.json.filters_only_sample_series' not found, using default value 'true' instead.
2026-10-03 11:15:09,285 INFO o.a.j.r.c.ReportGeneratorConfiguration: Property 'jmeter.reportgenerator.exporter.json.series_filter' not found, using default value '' instead.
2026-10-03 11:15:09,285 INFO o.a.j.r.c.ReportGeneratorConfiguration: Property 'jmeter.reportgenerator.exporter.json.show_controllers_only' not found, using default value 'false' instead.
2026-10-03 11:15:09,285 INFO o.a.j.r.c.ReportGeneratorConfiguration: Property 'jmeter.reportgenerator.exporter.html.filters_only_sample_series' not found, using default value 'true' instead.
2026-10-03 11:15:09,285 INFO o.a.j.r.c.ReportGeneratorConfiguration: Property 'jmeter.reportgenerator.exporter.html.series_filter' not found, using default value '' instead.
2026-10-03 11:15:09,285 INFO o.a.j.r.c.ReportGeneratorConfiguration: Property 'jmeter.reportgenerator.exporter.html.show_controllers_only' not found, using default value 'false' instead.
2026-10-03 11:15:09,299 INFO o.a.j.e.StandardJMeterEngine: Running the test!
2026-10-03 11:15:09,299 INFO o.a.j.s.SampleEvent: List of sample_variables: []
2026-10-03 11:15:09,299 INFO o.a.j.s.SampleEvent: List of sample_variables: []
2026-10-03 11:15:09,299 INFO o.a.j.e.u.CompoundVariable: Note: Function class names must contain the string: '.functions.'
2026-10-03 11:15:09,299 INFO o.a.j.e.u.CompoundVariable: Note: Function class names must not contain the string: '.gui.'
2026-10-03 11:15:09,741 INFO o.a.j.JMeter: Running test (1791044109741)
2026-10-03 11:15:09,785 INFO o.a.j.e.StandardJMeterEngine: Starting ThreadGroup: 1 : Usuarios - Login
2026-10-03 11:15:09,785 INFO o.a.j.e.StandardJMeterEngine: Starting 40 threads for group Usuarios - Login.
2026-10-03 11:15:09,785 INFO o.a.j.e.StandardJMeterEngine: Thread will continue on error
2026-10-03 11:15:09,785 INFO o.a.j.t.ThreadGroup: Starting thread group... number=1 threads=40 ramp-up=30 delayedStart=false
2026-10-03 11:15:09,835 INFO o.a.j.t.ThreadGroup: Started thread group number 1
2026-10-03 11:15:09,835 INFO o.a.j.e.StandardJMeterEngine: All thread groups have been started
2026-10-03 11:15:10,234 INFO o.a.j.t.JMeterThread: Thread started: Usuarios - Login 1-1
2026-10-03 11:15:10,238 INFO o.a.j.s.FileServer: Stored: data/usuarios-dummyjson.csv
2026-10-03 11:15:10,341 INFO o.a.j.p.h.s.HTTPHCAbstractImpl: Local host = QV-4576
2026-10-03 11:15:10,355 INFO o.a.j.p.h.s.HTTPHC4Impl: HTTP request retry count = 0
2026-10-03 11:15:10,357 INFO o.a.j.s.SampleResult: Note: Sample TimeStamps are START times
2026-10-03 11:15:10,357 INFO o.a.j.s.SampleResult: sampleresult.default.encoding is set to UTF-8
2026-10-03 11:15:10,357 INFO o.a.j.s.SampleResult: sampleresult.useNanoTime=true
2026-10-03 11:15:10,357 INFO o.a.j.s.SampleResult: sampleresult.nanoThreadSleep=5000
2026-10-03 11:15:10,579 INFO o.a.j.p.h.s.h.LazyLayeredConnectionSocketFactory: Setting up HTTPS TrustAll Socket Factory
2026-10-03 11:15:10,591 INFO o.a.j.u.JsseSSLManager: Using default SSL protocol: TLS
2026-10-03 11:15:10,591 INFO o.a.j.u.JsseSSLManager: SSL session context: per-thread
2026-10-03 11:15:10,789 INFO o.a.j.u.SSLManager: JmeterKeyStore Location:  type JKS
2026-10-03 11:15:10,797 INFO o.a.j.u.SSLManager: KeyStore created OK
2026-10-03 11:15:10,797 WARN o.a.j.u.SSLManager: Keystore file not found, loading empty keystore
2026-10-03 11:15:10,983 INFO o.a.j.t.JMeterThread: Thread started: Usuarios - Login 1-2
2026-10-03 11:15:11,723 INFO o.a.j.t.JMeterThread: Thread started: Usuarios - Login 1-3
2026-10-03 11:15:12,478 INFO o.a.j.t.JMeterThread: Thread started: Usuarios - Login 1-4
2026-10-03 11:15:13,225 INFO o.a.j.t.JMeterThread: Thread started: Usuarios - Login 1-5
2026-10-03 11:15:13,971 INFO o.a.j.t.JMeterThread: Thread started: Usuarios - Login 1-6
2026-10-03 11:15:14,718 INFO o.a.j.t.JMeterThread: Thread started: Usuarios - Login 1-7
2026-10-03 11:15:15,468 INFO o.a.j.t.JMeterThread: Thread started: Usuarios - Login 1-8
2026-10-03 11:15:16,221 INFO o.a.j.t.JMeterThread: Thread started: Usuarios - Login 1-9
2026-10-03 11:15:16,967 INFO o.a.j.t.JMeterThread: Thread started: Usuarios - Login 1-10
2026-10-03 11:15:17,706 INFO o.a.j.t.JMeterThread: Thread started: Usuarios - Login 1-11
2026-10-03 11:15:18,449 INFO o.a.j.t.JMeterThread: Thread started: Usuarios - Login 1-12
2026-10-03 11:15:19,199 INFO o.a.j.t.JMeterThread: Thread started: Usuarios - Login 1-13
2026-10-03 11:15:19,949 INFO o.a.j.t.JMeterThread: Thread started: Usuarios - Login 1-14
2026-10-03 11:15:20,695 INFO o.a.j.t.JMeterThread: Thread started: Usuarios - Login 1-15
2026-10-03 11:15:21,446 INFO o.a.j.t.JMeterThread: Thread started: Usuarios - Login 1-16
2026-10-03 11:15:22,194 INFO o.a.j.t.JMeterThread: Thread started: Usuarios - Login 1-17
2026-10-03 11:15:22,946 INFO o.a.j.t.JMeterThread: Thread started: Usuarios - Login 1-18
2026-10-03 11:15:23,692 INFO o.a.j.t.JMeterThread: Thread started: Usuarios - Login 1-19
2026-10-03 11:15:24,442 INFO o.a.j.t.JMeterThread: Thread started: Usuarios - Login 1-20
2026-10-03 11:15:25,189 INFO o.a.j.t.JMeterThread: Thread started: Usuarios - Login 1-21
2026-10-03 11:15:25,942 INFO o.a.j.t.JMeterThread: Thread started: Usuarios - Login 1-22
2026-10-03 11:15:26,689 INFO o.a.j.t.JMeterThread: Thread started: Usuarios - Login 1-23
2026-10-03 11:15:27,441 INFO o.a.j.t.JMeterThread: Thread started: Usuarios - Login 1-24
2026-10-03 11:15:28,189 INFO o.a.j.t.JMeterThread: Thread started: Usuarios - Login 1-25
2026-10-03 11:15:28,944 INFO o.a.j.t.JMeterThread: Thread started: Usuarios - Login 1-26
2026-10-03 11:15:29,690 INFO o.a.j.t.JMeterThread: Thread started: Usuarios - Login 1-27
2026-10-03 11:15:30,037 INFO o.a.j.r.Summariser: summary +    453 in 00:00:20 =   22.3/s Avg:   115 Min:    82 Max:  1584 Err:    14 (3.09%) Active: 27 Started: 27 Finished: 0
2026-10-03 11:15:30,438 INFO o.a.j.t.JMeterThread: Thread started: Usuarios - Login 1-28
2026-10-03 11:15:31,187 INFO o.a.j.t.JMeterThread: Thread started: Usuarios - Login 1-29
2026-10-03 11:15:31,945 INFO o.a.j.t.JMeterThread: Thread started: Usuarios - Login 1-30
2026-10-03 11:15:32,693 INFO o.a.j.t.JMeterThread: Thread started: Usuarios - Login 1-31
2026-10-03 11:15:33,433 INFO o.a.j.t.JMeterThread: Thread started: Usuarios - Login 1-32
2026-10-03 11:15:34,182 INFO o.a.j.t.JMeterThread: Thread started: Usuarios - Login 1-33
2026-10-03 11:15:34,940 INFO o.a.j.t.JMeterThread: Thread started: Usuarios - Login 1-34
2026-10-03 11:15:35,689 INFO o.a.j.t.JMeterThread: Thread started: Usuarios - Login 1-35
2026-10-03 11:15:36,436 INFO o.a.j.t.JMeterThread: Thread started: Usuarios - Login 1-36
2026-10-03 11:15:37,186 INFO o.a.j.t.JMeterThread: Thread started: Usuarios - Login 1-37
2026-10-03 11:15:37,931 INFO o.a.j.t.JMeterThread: Thread started: Usuarios - Login 1-38
2026-10-03 11:15:38,681 INFO o.a.j.t.JMeterThread: Thread started: Usuarios - Login 1-39
2026-10-03 11:15:39,430 INFO o.a.j.t.JMeterThread: Thread started: Usuarios - Login 1-40
2026-10-03 11:16:00,046 INFO o.a.j.r.Summariser: summary +    749 in 00:00:30 =   25.0/s Avg:   106 Min:    86 Max:   319 Err:     6 (0.80%) Active: 40 Started: 40 Finished: 0
2026-10-03 11:16:00,048 INFO o.a.j.r.Summariser: summary =   1202 in 00:00:50 =   23.9/s Avg:   110 Min:    82 Max:  1584 Err:    20 (1.66%)
2026-10-03 11:16:30,048 INFO o.a.j.r.Summariser: summary +    750 in 00:00:30 =   25.0/s Avg:   107 Min:    88 Max:   277 Err:     0 (0.00%) Active: 40 Started: 40 Finished: 0
2026-10-03 11:16:30,048 INFO o.a.j.r.Summariser: summary =   1952 in 00:01:20 =   24.3/s Avg:   109 Min:    82 Max:  1584 Err:    20 (1.02%)
2026-10-03 11:17:00,007 INFO o.a.j.r.Summariser: summary +    749 in 00:00:30 =   25.0/s Avg:   105 Min:    87 Max:   269 Err:     0 (0.00%) Active: 40 Started: 40 Finished: 0
2026-10-03 11:17:00,008 INFO o.a.j.r.Summariser: summary =   2701 in 00:01:50 =   24.5/s Avg:   108 Min:    82 Max:  1584 Err:    20 (0.74%)
2026-10-03 11:17:30,041 INFO o.a.j.r.Summariser: summary +    751 in 00:00:30 =   25.0/s Avg:   108 Min:    86 Max:   279 Err:     0 (0.00%) Active: 40 Started: 40 Finished: 0
2026-10-03 11:17:30,042 INFO o.a.j.r.Summariser: summary =   3452 in 00:02:20 =   24.6/s Avg:   108 Min:    82 Max:  1584 Err:    20 (0.58%)
2026-10-03 11:18:00,008 INFO o.a.j.r.Summariser: summary +    749 in 00:00:30 =   25.0/s Avg:   112 Min:    88 Max:  2512 Err:     1 (0.13%) Active: 40 Started: 40 Finished: 0
2026-10-03 11:18:00,009 INFO o.a.j.r.Summariser: summary =   4201 in 00:02:50 =   24.7/s Avg:   108 Min:    82 Max:  2512 Err:    21 (0.50%)
2026-10-03 11:18:30,003 INFO o.a.j.r.Summariser: summary +    750 in 00:00:30 =   25.0/s Avg:   111 Min:    88 Max:   416 Err:     0 (0.00%) Active: 40 Started: 40 Finished: 0
2026-10-03 11:18:30,004 INFO o.a.j.r.Summariser: summary =   4951 in 00:03:20 =   24.7/s Avg:   109 Min:    82 Max:  2512 Err:    21 (0.42%)
2026-10-03 11:18:38,318 INFO o.a.j.t.JMeterThread: Thread finished: Usuarios - Login 1-2
2026-10-03 11:18:38,356 INFO o.a.j.t.JMeterThread: Thread finished: Usuarios - Login 1-31
2026-10-03 11:18:38,395 INFO o.a.j.t.JMeterThread: Thread finished: Usuarios - Login 1-29
2026-10-03 11:18:38,437 INFO o.a.j.t.JMeterThread: Thread finished: Usuarios - Login 1-40
2026-10-03 11:18:38,479 INFO o.a.j.t.JMeterThread: Thread finished: Usuarios - Login 1-6
2026-10-03 11:18:38,510 INFO o.a.j.t.JMeterThread: Thread finished: Usuarios - Login 1-34
2026-10-03 11:18:38,519 INFO o.a.j.t.JMeterThread: Thread finished: Usuarios - Login 1-25
2026-10-03 11:18:38,553 INFO o.a.j.t.JMeterThread: Thread finished: Usuarios - Login 1-19
2026-10-03 11:18:38,594 INFO o.a.j.t.JMeterThread: Thread finished: Usuarios - Login 1-22
2026-10-03 11:18:38,598 INFO o.a.j.t.JMeterThread: Thread finished: Usuarios - Login 1-26
2026-10-03 11:18:38,679 INFO o.a.j.t.JMeterThread: Thread finished: Usuarios - Login 1-27
2026-10-03 11:18:38,689 INFO o.a.j.t.JMeterThread: Thread finished: Usuarios - Login 1-21
2026-10-03 11:18:38,700 INFO o.a.j.t.JMeterThread: Thread finished: Usuarios - Login 1-32
2026-10-03 11:18:38,710 INFO o.a.j.t.JMeterThread: Thread finished: Usuarios - Login 1-8
2026-10-03 11:18:38,740 INFO o.a.j.t.JMeterThread: Thread finished: Usuarios - Login 1-7
2026-10-03 11:18:38,872 INFO o.a.j.t.JMeterThread: Thread finished: Usuarios - Login 1-10
2026-10-03 11:18:38,948 INFO o.a.j.t.JMeterThread: Thread finished: Usuarios - Login 1-3
2026-10-03 11:18:38,986 INFO o.a.j.t.JMeterThread: Thread finished: Usuarios - Login 1-15
2026-10-03 11:18:39,039 INFO o.a.j.t.JMeterThread: Thread finished: Usuarios - Login 1-5
2026-10-03 11:18:39,077 INFO o.a.j.t.JMeterThread: Thread finished: Usuarios - Login 1-17
2026-10-03 11:18:39,117 INFO o.a.j.t.JMeterThread: Thread finished: Usuarios - Login 1-20
2026-10-03 11:18:39,160 INFO o.a.j.t.JMeterThread: Thread finished: Usuarios - Login 1-9
2026-10-03 11:18:39,203 INFO o.a.j.t.JMeterThread: Thread finished: Usuarios - Login 1-33
2026-10-03 11:18:39,245 INFO o.a.j.t.JMeterThread: Thread finished: Usuarios - Login 1-30
2026-10-03 11:18:39,285 INFO o.a.j.t.JMeterThread: Thread finished: Usuarios - Login 1-23
2026-10-03 11:18:39,324 INFO o.a.j.t.JMeterThread: Thread finished: Usuarios - Login 1-13
2026-10-03 11:18:39,365 INFO o.a.j.t.JMeterThread: Thread finished: Usuarios - Login 1-12
2026-10-03 11:18:39,388 INFO o.a.j.t.JMeterThread: Thread finished: Usuarios - Login 1-11
2026-10-03 11:18:39,412 INFO o.a.j.t.JMeterThread: Thread finished: Usuarios - Login 1-1
2026-10-03 11:18:39,446 INFO o.a.j.t.JMeterThread: Thread finished: Usuarios - Login 1-16
2026-10-03 11:18:39,467 INFO o.a.j.t.JMeterThread: Thread finished: Usuarios - Login 1-35
2026-10-03 11:18:39,478 INFO o.a.j.t.JMeterThread: Thread finished: Usuarios - Login 1-14
2026-10-03 11:18:39,531 INFO o.a.j.t.JMeterThread: Thread finished: Usuarios - Login 1-39
2026-10-03 11:18:39,543 INFO o.a.j.t.JMeterThread: Thread finished: Usuarios - Login 1-28
2026-10-03 11:18:39,591 INFO o.a.j.t.JMeterThread: Thread finished: Usuarios - Login 1-24
2026-10-03 11:18:39,719 INFO o.a.j.t.JMeterThread: Thread finished: Usuarios - Login 1-4
2026-10-03 11:18:39,728 INFO o.a.j.t.JMeterThread: Thread finished: Usuarios - Login 1-36
2026-10-03 11:18:39,792 INFO o.a.j.t.JMeterThread: Thread finished: Usuarios - Login 1-18
2026-10-03 11:18:39,819 INFO o.a.j.t.JMeterThread: Thread finished: Usuarios - Login 1-37
2026-10-03 11:18:39,998 INFO o.a.j.t.JMeterThread: Stopping because end time detected by thread: Usuarios - Login 1-38
2026-10-03 11:18:39,998 INFO o.a.j.t.JMeterThread: Thread finished: Usuarios - Login 1-38
2026-10-03 11:18:39,998 INFO o.a.j.e.StandardJMeterEngine: Notifying test listeners of end of test
2026-10-03 11:18:39,998 INFO o.a.j.s.FileServer: Close: data/usuarios-dummyjson.csv
2026-10-03 11:18:39,998 INFO o.a.j.r.Summariser: summary +    247 in 00:00:10 =   24.7/s Avg:   117 Min:    86 Max:   323 Err:     0 (0.00%) Active: 0 Started: 40 Finished: 40
2026-10-03 11:18:39,998 INFO o.a.j.r.Summariser: summary =   5198 in 00:03:30 =   24.7/s Avg:   109 Min:    82 Max:  2512 Err:    21 (0.40%)
2026-10-03 11:18:39,998 INFO o.a.j.JMeter: Generating Dashboard
2026-10-03 11:18:39,998 INFO o.a.j.r.d.ReportGenerator: Flushing result collector before report Generation
2026-10-03 11:18:40,030 INFO o.a.j.r.p.NormalizerSampleConsumer: Using format, 'ms', to parse timeStamp field
2026-10-03 11:18:40,344 INFO o.a.j.r.p.AbstractSampleConsumer: class org.apache.jmeter.report.processor.AggregateConsumer#stopProducing(): beginDate produced 0 samples
2026-10-03 11:18:40,344 INFO o.a.j.r.p.AbstractSampleConsumer: class org.apache.jmeter.report.processor.AggregateConsumer#stopProducing(): endDate produced 0 samples
2026-10-03 11:18:40,349 INFO o.a.j.r.p.AbstractSampleConsumer: class org.apache.jmeter.report.processor.ApdexSummaryConsumer#stopProducing(): apdexSummary produced 0 samples
2026-10-03 11:18:40,349 INFO o.a.j.r.p.AbstractSampleConsumer: class org.apache.jmeter.report.processor.RequestsSummaryConsumer#stopProducing(): requestsSummary produced 0 samples
2026-10-03 11:18:40,363 INFO o.a.j.r.p.AbstractSampleConsumer: class org.apache.jmeter.report.processor.StatisticsSummaryConsumer#stopProducing(): statisticsSummary produced 0 samples
2026-10-03 11:18:40,381 INFO o.a.j.r.p.AbstractSampleConsumer: class org.apache.jmeter.report.processor.Top5ErrorsBySamplerConsumer#stopProducing(): top5ErrorsBySampler produced 0 samples
2026-10-03 11:18:40,381 INFO o.a.j.r.p.AbstractSampleConsumer: class org.apache.jmeter.report.processor.ErrorsSummaryConsumer#stopProducing(): errorsSummary produced 0 samples
2026-10-03 11:18:40,381 INFO o.a.j.r.p.AbstractSampleConsumer: class org.apache.jmeter.report.processor.graph.impl.HitsPerSecondGraphConsumer#stopProducing(): hitsPerSecond produced 0 samples
2026-10-03 11:18:40,461 INFO o.a.j.r.p.AbstractSampleConsumer: class org.apache.jmeter.report.processor.graph.impl.LatencyVSRequestGraphConsumer#stopProducing(): latencyVsRequest produced 0 samples
2026-10-03 11:18:40,461 INFO o.a.j.r.p.AbstractSampleConsumer: class org.apache.jmeter.report.processor.graph.impl.SyntheticResponseTimeDistributionGraphConsumer#stopProducing(): syntheticResponseTimeDistribution produced 0 samples
2026-10-03 11:18:40,461 INFO o.a.j.r.p.AbstractSampleConsumer: class org.apache.jmeter.report.processor.graph.impl.BytesThroughputGraphConsumer#stopProducing(): bytesThroughputOverTime produced 0 samples
2026-10-03 11:18:40,461 INFO o.a.j.r.p.AbstractSampleConsumer: class org.apache.jmeter.report.processor.graph.impl.CodesPerSecondGraphConsumer#stopProducing(): codesPerSecond produced 0 samples
2026-10-03 11:18:40,503 INFO o.a.j.r.p.AbstractSampleConsumer: class org.apache.jmeter.report.processor.graph.impl.ResponseTimeVSRequestGraphConsumer#stopProducing(): responseTimeVsRequest produced 0 samples
2026-10-03 11:18:40,505 INFO o.a.j.r.p.AbstractSampleConsumer: class org.apache.jmeter.report.processor.FilterConsumer#stopProducing(): startIntervalControlerFilter produced 36386 samples
2026-10-03 11:18:40,505 INFO o.a.j.r.p.AbstractSampleConsumer: class org.apache.jmeter.report.processor.graph.impl.TotalTPSGraphConsumer#stopProducing(): totalTPS produced 0 samples
2026-10-03 11:18:40,505 INFO o.a.j.r.p.AbstractSampleConsumer: class org.apache.jmeter.report.processor.graph.impl.ActiveThreadsGraphConsumer#stopProducing(): activeThreadsOverTime produced 0 samples
2026-10-03 11:18:40,505 INFO o.a.j.r.p.AbstractSampleConsumer: class org.apache.jmeter.report.processor.graph.impl.TimeVSThreadGraphConsumer#stopProducing(): timeVsThreads produced 0 samples
2026-10-03 11:18:40,507 INFO o.a.j.r.p.AbstractSampleConsumer: class org.apache.jmeter.report.processor.graph.impl.ResponseTimeDistributionGraphConsumer#stopProducing(): responseTimeDistribution produced 0 samples
2026-10-03 11:18:40,507 INFO o.a.j.r.p.AbstractSampleConsumer: class org.apache.jmeter.report.processor.graph.impl.TransactionsPerSecondGraphConsumer#stopProducing(): transactionsPerSecond produced 0 samples
2026-10-03 11:18:40,507 INFO o.a.j.r.p.AbstractSampleConsumer: class org.apache.jmeter.report.processor.graph.impl.ResponseTimePercentilesGraphConsumer#stopProducing(): responseTimePercentiles produced 0 samples
2026-10-03 11:18:40,509 INFO o.a.j.r.p.AbstractSampleConsumer: class org.apache.jmeter.report.processor.graph.impl.ResponseTimePercentilesOverTimeGraphConsumer#stopProducing(): responseTimePercentilesOverTime produced 0 samples
2026-10-03 11:18:40,511 INFO o.a.j.r.p.AbstractSampleConsumer: class org.apache.jmeter.report.processor.graph.impl.ResponseTimeOverTimeGraphConsumer#stopProducing(): responseTimesOverTime produced 0 samples
2026-10-03 11:18:40,511 INFO o.a.j.r.p.AbstractSampleConsumer: class org.apache.jmeter.report.processor.graph.impl.ConnectTimeOverTimeGraphConsumer#stopProducing(): connectTimeOverTime produced 0 samples
2026-10-03 11:18:40,511 INFO o.a.j.r.p.AbstractSampleConsumer: class org.apache.jmeter.report.processor.graph.impl.LatencyOverTimeGraphConsumer#stopProducing(): latenciesOverTime produced 0 samples
2026-10-03 11:18:40,511 INFO o.a.j.r.p.AbstractSampleConsumer: class org.apache.jmeter.report.processor.FilterConsumer#stopProducing(): nameFilter produced 77970 samples
2026-10-03 11:18:40,511 INFO o.a.j.r.p.AbstractSampleConsumer: class org.apache.jmeter.report.processor.FilterConsumer#stopProducing(): dateRangeFilter produced 15594 samples
2026-10-03 11:18:40,511 INFO o.a.j.r.p.AbstractSampleConsumer: class org.apache.jmeter.report.processor.NormalizerSampleConsumer#stopProducing(): normalizer produced 5198 samples
2026-10-03 11:18:40,513 INFO o.a.j.r.p.CsvFileSampleSource: produce(): 5198 samples produced in 454ms on channel 0
2026-10-03 11:18:40,513 INFO o.a.j.r.d.ReportGenerator: Exporting data using exporter:'json' of className:'org.apache.jmeter.report.dashboard.JsonExporter'
2026-10-03 11:18:40,620 INFO o.a.j.r.d.JsonExporter: Found data for consumer statisticsSummary in context
2026-10-03 11:18:40,620 INFO o.a.j.r.d.JsonExporter: Creating statistics for overall
2026-10-03 11:18:40,620 INFO o.a.j.r.d.JsonExporter: Creating statistics for other transactions
2026-10-03 11:18:40,620 INFO o.a.j.r.d.JsonExporter: Checking output folder
2026-10-03 11:18:40,630 INFO o.a.j.r.d.JsonExporter: Writing statistics JSON to C:\Users\Diego Velez\Downloads\reto-tecnico-sofka\reto-tecnico-sofka\performance\ejercicio1-jmeter-login\reports\dashboard-dummyjson\statistics.json
2026-10-03 11:18:40,677 INFO o.a.j.r.d.ReportGenerator: Exporting data using exporter:'html' of className:'org.apache.jmeter.report.dashboard.HtmlTemplateExporter'
2026-10-03 11:18:40,681 INFO o.a.j.r.d.HtmlTemplateExporter: Will generate dashboard in folder: C:\Users\Diego Velez\Downloads\reto-tecnico-sofka\reto-tecnico-sofka\performance\ejercicio1-jmeter-login\reports\dashboard-dummyjson
2026-10-03 11:18:40,807 INFO o.a.j.r.d.HtmlTemplateExporter: Report will be generated in: C:\Users\Diego Velez\Downloads\reto-tecnico-sofka\reto-tecnico-sofka\performance\ejercicio1-jmeter-login\reports\dashboard-dummyjson, creating folder structure
2026-10-03 11:18:40,820 INFO o.a.j.r.d.TemplateVisitor: Copying folder from 'C:\Users\Diego Velez\Downloads\jmeter\apache-jmeter-5.6.3\bin\report-template' to 'C:\Users\Diego Velez\Downloads\reto-tecnico-sofka\reto-tecnico-sofka\performance\ejercicio1-jmeter-login\reports\dashboard-dummyjson', got message: C:\Users\Diego Velez\Downloads\reto-tecnico-sofka\reto-tecnico-sofka\performance\ejercicio1-jmeter-login\reports\dashboard-dummyjson, found non empty folder with following content [C:\Users\Diego Velez\Downloads\reto-tecnico-sofka\reto-tecnico-sofka\performance\ejercicio1-jmeter-login\reports\dashboard-dummyjson\statistics.json], will be ignored
2026-10-03 11:18:42,559 INFO o.a.j.JMeter: Dashboard generated
